
Log started (V20.1.0.0) Tue Feb 10 12:20:23 2026


Problem 'coin_model_001.lp' read.
Read time = 0.00 sec. (0.03 ticks)
Version identifier: 20.1.0.0 | 2020-11-10 | 9bedb6d68
Row 'cons112' infeasible, all entries at implied bounds.
Presolve time = 0.00 sec. (0.06 ticks)
Presolve - Infeasible.
Solution time =    0.00 sec.
Deterministic time = 0.06 ticks  (55.77 ticks/sec)

Log started (V20.1.0.0) Thu Feb 19 09:37:37 2026


Problem 'plan_sddp_mode_001.lp' read.
Read time = 0.00 sec. (0.03 ticks)
Version identifier: 20.1.0.0 | 2020-11-10 | 9bedb6d68
Tried aggregator 1 time.
LP Presolve eliminated 1 rows and 113 columns.
Reduced LP has 112 rows, 560 columns, and 893 nonzeros.
Presolve time = 0.00 sec. (0.45 ticks)
Initializing dual steep norms . . .

Iteration log . . .
Iteration:     1   Dual objective     =       -183727.615766
Iteration:    62   Dual objective     =       -151420.436293

Dual simplex - Optimal:  Objective = -1.5095114375e+05
Solution time =    0.00 sec.  Iterations = 112 (0)
Deterministic time = 0.97 ticks  (970.69 ticks/sec)


Problem 'plan_sddp_mode_002.lp' read.
Read time = 0.00 sec. (0.03 ticks)
Version identifier: 20.1.0.0 | 2020-11-10 | 9bedb6d68
Tried aggregator 1 time.
LP Presolve eliminated 0 rows and 112 columns.
Reduced LP has 114 rows, 561 columns, and 901 nonzeros.
Presolve time = 0.00 sec. (0.45 ticks)
Initializing dual steep norms . . .

Iteration log . . .
Iteration:     1   Scaled dual infeas =             6.761091
Iteration:     3   Dual objective     =       -183727.615766
Iteration:    64   Dual objective     =         -3412.683245

Dual simplex - Optimal:  Objective = -2.9335518313e+03
Solution time =    0.00 sec.  Iterations = 115 (2)
Deterministic time = 1.05 ticks  (1045.98 ticks/sec)


Problem 'plan_sddp_mode_005.lp' read.
Read time = 0.02 sec. (0.03 ticks)
Version identifier: 20.1.0.0 | 2020-11-10 | 9bedb6d68
Tried aggregator 1 time.
LP Presolve eliminated 0 rows and 112 columns.
Reduced LP has 114 rows, 561 columns, and 901 nonzeros.
Presolve time = 0.00 sec. (0.45 ticks)
Initializing dual steep norms . . .

Iteration log . . .
Iteration:     1   Scaled dual infeas =             6.761091
Iteration:     3   Dual objective     =       -183727.614575
Iteration:    64   Dual objective     =         -1334.015624

Dual simplex - Optimal:  Objective = -8.5488420973e+02
Solution time =    0.00 sec.  Iterations = 115 (2)
Deterministic time = 1.05 ticks  (1045.98 ticks/sec)


Problem 'plan_sddp_mode_100.lp' read.
Read time = 0.00 sec. (0.03 ticks)
Version identifier: 20.1.0.0 | 2020-11-10 | 9bedb6d68
Tried aggregator 1 time.
LP Presolve eliminated 0 rows and 112 columns.
Reduced LP has 115 rows, 561 columns, and 905 nonzeros.
Presolve time = 0.00 sec. (0.47 ticks)
Initializing dual steep norms . . .

Iteration log . . .
Iteration:     1   Scaled dual infeas =            27.280984
Iteration:     4   Dual objective     =       -200502.743778
Iteration:    66   Dual objective     =       -186590.479885

Dual simplex - Optimal:  Objective = -1.8085875565e+05
Solution time =    0.02 sec.  Iterations = 116 (3)
Deterministic time = 1.07 ticks  (71.26 ticks/sec)


Problem 'plan_sddp_mode_200.lp' read.
Read time = 0.00 sec. (0.03 ticks)
Version identifier: 20.1.0.0 | 2020-11-10 | 9bedb6d68
Tried aggregator 1 time.
LP Presolve eliminated 0 rows and 112 columns.
Reduced LP has 114 rows, 561 columns, and 901 nonzeros.
Presolve time = 0.00 sec. (0.46 ticks)
Initializing dual steep norms . . .

Iteration log . . .
Iteration:     1   Scaled dual infeas =            44.738119
Iteration:     4   Dual objective     =       -228909.495936
Iteration:    66   Dual objective     =       -114034.368474

Dual simplex - Optimal:  Objective = -9.2936066996e+04
Solution time =    0.00 sec.  Iterations = 116 (3)
Deterministic time = 1.06 ticks  (1064.42 ticks/sec)


Problem 'plan_sddp_mode_1000.lp' read.
Read time = 0.00 sec. (0.03 ticks)
Version identifier: 20.1.0.0 | 2020-11-10 | 9bedb6d68
Tried aggregator 1 time.
LP Presolve eliminated 0 rows and 112 columns.
Reduced LP has 116 rows, 561 columns, and 909 nonzeros.
Presolve time = 0.00 sec. (0.47 ticks)
Initializing dual steep norms . . .

Iteration log . . .
Iteration:     1   Scaled dual infeas =            51.068673
Iteration:     4   Dual objective     =       -251076.218173
Iteration:    67   Dual objective     =       -218116.352502

Dual simplex - Optimal:  Objective = -1.9140442226e+05
Solution time =    0.00 sec.  Iterations = 116 (3)
Deterministic time = 1.14 ticks  (1140.31 ticks/sec)


Problem 'plan_sddp_mode_5000.lp' read.
Read time = 0.00 sec. (0.03 ticks)
Version identifier: 20.1.0.0 | 2020-11-10 | 9bedb6d68
Tried aggregator 1 time.
LP Presolve eliminated 0 rows and 112 columns.
Reduced LP has 115 rows, 561 columns, and 905 nonzeros.
Presolve time = 0.00 sec. (0.47 ticks)
Initializing dual steep norms . . .

Iteration log . . .
Iteration:     1   Scaled dual infeas =            57.373883
Iteration:     4   Dual objective     =       -296512.333923
Iteration:    65   Dual objective     =       -290361.424234

Dual simplex - Optimal:  Objective = -2.5691807282e+05
Solution time =    0.00 sec.  Iterations = 127 (3)
Deterministic time = 1.20 ticks  (1204.17 ticks/sec)


Problem 'plan_sddp_mode_4000.lp' read.
Read time = 0.00 sec. (0.03 ticks)
Version identifier: 20.1.0.0 | 2020-11-10 | 9bedb6d68
Tried aggregator 1 time.
LP Presolve eliminated 0 rows and 112 columns.
Reduced LP has 117 rows, 561 columns, and 913 nonzeros.
Presolve time = 0.00 sec. (0.47 ticks)
Initializing dual steep norms . . .

Iteration log . . .
Iteration:     1   Scaled dual infeas =            22.666022
Iteration:     4   Dual objective     =       -250800.983234
Iteration:    65   Dual objective     =       -246094.692829

Dual simplex - Optimal:  Objective = -2.3080206485e+05
Solution time =    0.00 sec.  Iterations = 122 (3)
Deterministic time = 1.09 ticks  (1091.69 ticks/sec)


Problem 'plan_sddp_mode_2000.lp' read.
Read time = 0.00 sec. (0.03 ticks)
Version identifier: 20.1.0.0 | 2020-11-10 | 9bedb6d68
Tried aggregator 1 time.
LP Presolve eliminated 0 rows and 112 columns.
Reduced LP has 114 rows, 561 columns, and 901 nonzeros.
Presolve time = 0.00 sec. (0.45 ticks)
Initializing dual steep norms . . .

Iteration log . . .
Iteration:     1   Scaled dual infeas =            26.768007
Iteration:     4   Dual objective     =       -225867.894698
Iteration:    66   Dual objective     =        -26075.084641

Dual simplex - Optimal:  Objective = -1.8655179745e+04
Solution time =    0.00 sec.  Iterations = 116 (3)
Deterministic time = 1.05 ticks  (1048.45 ticks/sec)


Problem 'plan_sddp_mode_1500.lp' read.
Read time = 0.00 sec. (0.03 ticks)
Version identifier: 20.1.0.0 | 2020-11-10 | 9bedb6d68
Tried aggregator 1 time.
LP Presolve eliminated 0 rows and 112 columns.
Reduced LP has 115 rows, 561 columns, and 905 nonzeros.
Presolve time = 0.00 sec. (0.47 ticks)
Initializing dual steep norms . . .

Iteration log . . .
Iteration:     1   Scaled dual infeas =            56.419543
Iteration:     4   Dual objective     =       -485594.385723
Iteration:    66   Dual objective     =       -264080.504127

Dual simplex - Optimal:  Objective = -6.3492857354e+04
Solution time =    0.02 sec.  Iterations = 120 (3)
Deterministic time = 1.17 ticks  (73.38 ticks/sec)


Log started (V20.1.0.0) Mon Mar  9 12:39:07 2026

File 'plan_sddp_001.LP' not found.
No file read.
No problem exists.
CPLEX Error  1615: Line 379: Expected number, found '?'.
No file read.

Problem 'plan_sddp_mode_9543.LP' read.
Read time = 0.00 sec. (0.03 ticks)
Version identifier: 20.1.0.0 | 2020-11-10 | 9bedb6d68
Tried aggregator 1 time.
LP Presolve eliminated 0 rows and 112 columns.
Reduced LP has 114 rows, 561 columns, and 901 nonzeros.
Presolve time = 0.00 sec. (0.46 ticks)
Initializing dual steep norms . . .

Iteration log . . .
Iteration:     1   Scaled dual infeas =            57.846157
Iteration:     4   Dual objective     =       -307411.343997
Iteration:    66   Dual objective     =       -187148.405581

Dual simplex - Optimal:  Objective = -1.6565331949e+05
Solution time =    0.00 sec.  Iterations = 116 (3)
Deterministic time = 1.08 ticks  (1076.18 ticks/sec)


Solution written to file 'test'.
