

 >>> Starting EOPS run for hydro power system: ULLA                
     -> Run mode EOPS_LOGFILE_OUTPUT:
        Most of the output from underlaying applications will be written to
        the logfile: EOPS_SIM.LOG                                                
        To instead print all the output to the terminal, please set the
        environment variable: LTM_TERM_LIST=TRUE



 >>> Run simulation task TILSETB to compute energy inflow for the aggregated model.


     -> Run DETMOD (TILSETB_DETMOD)
 -> Using old system for license control with environment variables.

 Detmod

 Etablering av modell/internfiler for detaljert vannkraft.
 Henting av historiske tilsigsserier fra arkiv.

 

 Midlere aarlig tilsigsvolum, Maaleenhet: Mm3 
 Serienavn                               Aarsmiddel
                                         Kalendarisk      EFI
                                         tidsopploesning  tidsopploesning
 LTM2-Saurdal.......-D9100F3B5020Xksc2035    1164.69          1162.48
  Detmod; delomradenr :           0   Blokknr:            1
  Systemnavn Detd: ULLA                
 


 Ferdig preparering av detaljerte vannkraftdata


     -> Transfer initial reservoirs to SMAG-file (TILSETB_SMAG)

     -> Run SIMTAP (TILSETB_SIMTAP)
 -> Using old system for license control with environment variables.


   ::::: :: ::   :: :::::: :::::: ::::::
  ::     :: :::  ::   ::   ::     ::
   ::::  :: :: : ::   ::   ::::   ::::
      :: :: ::  :::   ::   ::     ::
  :::::  :: ::   ::   ::   :::::: ::    Energi AS

  S I M T A P - -verno- - -dato-
  --------------------------------------------
  Brukerveiledning..: Vansimtap
  SINTEF Support....: support.energy@sintef.no, Tel: 40471700/Senb: 45456000  
  Kj›retidspunkt....:  9. oktober 2025, kl 13:39:10


 
 HDF5 (Hierarchical Data Format 5) Software Library and Utilities 
 Copyright 2006-2013 by The HDF Group. 
 
  See: ./hdf5_copywrite.dat
 
 
 Tilsigsberegning
 
 WARNING: The LTM_MPS_DISCARGE_RAMPING functionality is activated,
  but failed to open the file endringvannforing.csv
  The functionality will not be used.
 
 WARNING: Writing ENMIN values to file: ULLA.ENMIN
 
 Simulering av }r 1931
 Simulering av }r 1932
 Simulering av }r 1933
 Simulering av }r 1934
 Simulering av }r 1935
 Simulering av }r 1936
 Simulering av }r 1937
 Simulering av }r 1938
 Simulering av }r 1939
 Simulering av }r 1940
 Simulering av }r 1941
 Simulering av }r 1942
 Simulering av }r 1943
 Simulering av }r 1944
 Simulering av }r 1945
 Simulering av }r 1946
 Simulering av }r 1947
 Simulering av }r 1948
 Simulering av }r 1949
 Simulering av }r 1950
 Simulering av }r 1951
 Simulering av }r 1952
 Simulering av }r 1953
 Simulering av }r 1954
 Simulering av }r 1955
 Simulering av }r 1956
 Simulering av }r 1957
 Simulering av }r 1958
 Simulering av }r 1959
 Simulering av }r 1960
 Simulering av }r 1961
 Simulering av }r 1962
 Simulering av }r 1963
 Simulering av }r 1964
 Simulering av }r 1965
 Simulering av }r 1966
 Simulering av }r 1967
 Simulering av }r 1968
 Simulering av }r 1969
 Simulering av }r 1970
 Simulering av }r 1971
 Simulering av }r 1972
 Simulering av }r 1973
 Simulering av }r 1974
 Simulering av }r 1975
 Simulering av }r 1976
 Simulering av }r 1977
 Simulering av }r 1978
 Simulering av }r 1979
 Simulering av }r 1980
 Simulering av }r 1981
 Simulering av }r 1982
 Simulering av }r 1983
 Simulering av }r 1984
 Simulering av }r 1985
 Simulering av }r 1986
 Simulering av }r 1987
 Simulering av }r 1988
 Simulering av }r 1989
 Simulering av }r 1990
 Simulering av }r 1991
 Simulering av }r 1992
 Simulering av }r 1993
 Simulering av }r 1994
 Simulering av }r 1995
 Simulering av }r 1996
 Simulering av }r 1997
 Simulering av }r 1998
 Simulering av }r 1999
 Simulering av }r 2000
 Simulering av }r 2001
 Simulering av }r 2002
 Simulering av }r 2003
 Simulering av }r 2004
 Simulering av }r 2005
 Simulering av }r 2006
 Simulering av }r 2007
 Simulering av }r 2008
 Simulering av }r 2009
 Simulering av }r 2010
 Simulering av }r 2011
 Simulering av }r 2012
 Simulering av }r 2013
 Simulering av }r 2014
 Simulering av }r 2015
 Simulering av }r 2016
 Simulering av }r 2017
 Simulering av }r 2018

     -> Run TILSIM (TILSETB_TILSIM)
 -> Using old system for license control with environment variables.


   ::::: :: ::   :: :::::: :::::: ::::::
  ::     :: :::  ::   ::   ::     ::
   ::::  :: :: : ::   ::   ::::   ::::
      :: :: ::  :::   ::   ::     ::
  :::::  :: ::   ::   ::   :::::: ::    Energi AS

  T I L S I M - -verno- - -dato-
  --------------------------------------------
  Brukerveiledning..: Samkj|ringsmodellen 
  SINTEF Support....: support.energy@sintef.no, Tel: 40471700/Senb: 45456000  
  Kj›retidspunkt....:  9. oktober 2025, kl 13:39:10




  Midlere tilsig for perioden: Uke nr   1- 260
  Regulert:   6177.87  Uregulert:      0.00



 >>> Prepare simulation task(s) by updating internal files (PREPSIM).


     -> Transfer initial reservoirs to SMAG-file (PREPSIM_SMAG).

 >>> Run simulation task VVTAP to compute water values and draw down.


     -> Generate EMAR file for aggregated model limits. (VVTAP_EMAR)

     -> Run GENPRIS to generate price model from price series. (VVTAP_GENPRIS)
 -> Using old system for license control with environment variables.


   ::::: :: ::   :: :::::: :::::: ::::::
  ::     :: :::  ::   ::   ::     ::
   ::::  :: :: : ::   ::   ::::   ::::
      :: :: ::  :::   ::   ::     ::
  :::::  :: ::   ::   ::   :::::: ::    Energi AS

  G E N P R I S - -verno- - -dato-
  ----------------------------------------------
  Brukerveiledning..: Vansimtap                        
  SINTEF Support....: support.energy@sintef.no, Tel: 40471700/Senb: 45456000  
  Kj›retidspunkt....:  9. oktober 2025, kl 13:39:10



 Prisrekken prisrekke.pri er p† ascii filformat.


     -> Run VANSIM for water value calculation. (VVTAP_VANSIM)
        Using reduced capacity vs. spot market for water value calculation.     
 -> Using old system for license control with environment variables.


   ::::: :: ::   :: :::::: :::::: ::::::
  ::     :: :::  ::   ::   ::     ::
   ::::  :: :: : ::   ::   ::::   ::::
      :: :: ::  :::   ::   ::     ::
  :::::  :: ::   ::   ::   :::::: ::    Energi AS

  V A N S I M - -verno- - -dato-
  --------------------------------------------
  Brukerveiledning..: Vansimtap Brukerveiledning
  SINTEF Support....: support.energy@sintef.no, Tel: 40471700/Senb: 45456000  
  Kj›retidspunkt....:  9. oktober 2025, kl 13:39:11




 Vannverdiberegning for område ULLA

 

    UKENR.       VEKTTALL FOR TILSIGSALTERNATIVENE :
   FRA-TIL      1      2      3      4      5      6      7
     1-  17     21      0      1      0      0     18     60
    18-  45     35      0      0      0      5      1     59
    46-  69     22      0      2      0      0      1     75
    70-  97     35      0      1      0      0      5     59
    98- 121     22      1      0      0      1      1     75
   122- 149     35      0      1      0      0      5     59
   150- 173     22      1      0      0      1      1     75
   174- 201     35      0      1      0      0      5     59
   202- 225     22      1      0      0      1      1     75
   226- 253     35      0      1      0      0      5     59
   254- 260     15      7      1      9     35      9     24

   Iterasjon nr   1
   Antall ikke stabiliserte punkt i slutten av uke 260,  (s|yle JSLUTT+1): 357

   Iterasjon nr   2
   Antall ikke stabiliserte punkt i slutten av uke 260,  (s|yle JSLUTT+1): 356

   Iterasjon nr   3
   Antall ikke stabiliserte punkt i slutten av uke 260,  (s|yle JSLUTT+1): 357

   Iterasjon nr   4
   Antall ikke stabiliserte punkt i slutten av uke 260,  (s|yle JSLUTT+1): 357

   Iterasjon nr   5
   Antall ikke stabiliserte punkt i slutten av uke 260,  (s|yle JSLUTT+1): 357

   Iterasjon nr   6
   Antall ikke stabiliserte punkt i slutten av uke 260,  (s|yle JSLUTT+1): 357

   Iterasjon nr   7
   Antall ikke stabiliserte punkt i slutten av uke 260,  (s|yle JSLUTT+1): 357

   Iterasjon nr   8
   Antall ikke stabiliserte punkt i slutten av uke 260,  (s|yle JSLUTT+1): 357

   Iterasjon nr   9
   Antall ikke stabiliserte punkt i slutten av uke 260,  (s|yle JSLUTT+1): 356

   Iterasjon nr  10
   Antall ikke stabiliserte punkt i slutten av uke 260,  (s|yle JSLUTT+1): 356

   Iterasjon nr  11
   Antall ikke stabiliserte punkt i slutten av uke 260,  (s|yle JSLUTT+1): 356

   Iterasjon nr  12
   Antall ikke stabiliserte punkt i slutten av uke 260,  (s|yle JSLUTT+1): 356

   Iterasjon nr  13
   Antall ikke stabiliserte punkt i slutten av uke 260,  (s|yle JSLUTT+1): 356

   Iterasjon nr  14
   Antall ikke stabiliserte punkt i slutten av uke 260,  (s|yle JSLUTT+1): 355

   Iterasjon nr  15
   Antall ikke stabiliserte punkt i slutten av uke 260,  (s|yle JSLUTT+1): 349

   Iterasjon nr  16
   Antall ikke stabiliserte punkt i slutten av uke 260,  (s|yle JSLUTT+1): 345

   Iterasjon nr  17
   Antall ikke stabiliserte punkt i slutten av uke 260,  (s|yle JSLUTT+1): 336

   Iterasjon nr  18
   Antall ikke stabiliserte punkt i slutten av uke 260,  (s|yle JSLUTT+1): 316

   Iterasjon nr  19
   Antall ikke stabiliserte punkt i slutten av uke 260,  (s|yle JSLUTT+1): 273

   Iterasjon nr  20
   Antall ikke stabiliserte punkt i slutten av uke 260,  (s|yle JSLUTT+1): 207

   Iterasjon nr  21
   Antall ikke stabiliserte punkt i slutten av uke 260,  (s|yle JSLUTT+1):  74

   Iterasjon nr  22
   Antall ikke stabiliserte punkt i slutten av uke 260,  (s|yle JSLUTT+1):   0

     -> Run SIMTAP for draw down ["tappefordeling"]. (VVTAP_SIMTAP)
 -> Using old system for license control with environment variables.


   ::::: :: ::   :: :::::: :::::: ::::::
  ::     :: :::  ::   ::   ::     ::
   ::::  :: :: : ::   ::   ::::   ::::
      :: :: ::  :::   ::   ::     ::
  :::::  :: ::   ::   ::   :::::: ::    Energi AS

  S I M T A P - -verno- - -dato-
  --------------------------------------------
  Brukerveiledning..: Vansimtap
  SINTEF Support....: support.energy@sintef.no, Tel: 40471700/Senb: 45456000  
  Kj›retidspunkt....:  9. oktober 2025, kl 13:39:19


 
 HDF5 (Hierarchical Data Format 5) Software Library and Utilities 
 Copyright 2006-2013 by The HDF Group. 
 
  See: ./hdf5_copywrite.dat
 
 
 Simulering med |konomiske data
 
 WARNING: The LTM_MPS_DISCARGE_RAMPING functionality is activated,
  but failed to open the file endringvannforing.csv
  The functionality will not be used.
 
 
 Simulering av }r 1931
 Simulering av }r 1932
 Simulering av }r 1933
 Simulering av }r 1934
 Simulering av }r 1935
 Simulering av }r 1936
 Simulering av }r 1937
 Simulering av }r 1938
 Simulering av }r 1939
 Simulering av }r 1940
 Simulering av }r 1941
 Simulering av }r 1942
 Simulering av }r 1943
 Simulering av }r 1944
 Simulering av }r 1945
 Simulering av }r 1946
 Simulering av }r 1947
 Simulering av }r 1948
 Simulering av }r 1949
 Simulering av }r 1950
 Simulering av }r 1951
 Simulering av }r 1952
 Simulering av }r 1953
 Simulering av }r 1954
 Simulering av }r 1955
 Simulering av }r 1956
 Simulering av }r 1957
 Simulering av }r 1958
 Simulering av }r 1959
 Simulering av }r 1960
 Simulering av }r 1961
 Simulering av }r 1962
 Simulering av }r 1963
 Simulering av }r 1964
 Simulering av }r 1965
 Simulering av }r 1966
 Simulering av }r 1967
 Simulering av }r 1968
 Simulering av }r 1969
 Simulering av }r 1970
 Simulering av }r 1971
 Simulering av }r 1972
 Simulering av }r 1973
 Simulering av }r 1974
 Simulering av }r 1975
 Simulering av }r 1976
 Simulering av }r 1977
 Simulering av }r 1978
 Simulering av }r 1979
 Simulering av }r 1980
 Simulering av }r 1981
 Simulering av }r 1982
 Simulering av }r 1983
 Simulering av }r 1984
 Simulering av }r 1985
 Simulering av }r 1986
 Simulering av }r 1987
 Simulering av }r 1988
 Simulering av }r 1989
 Simulering av }r 1990
 Simulering av }r 1991
 Simulering av }r 1992
 Simulering av }r 1993
 Simulering av }r 1994
 Simulering av }r 1995
 Simulering av }r 1996
 Simulering av }r 1997
 Simulering av }r 1998
 Simulering av }r 1999
 Simulering av }r 2000
 Simulering av }r 2001
 Simulering av }r 2002
 Simulering av }r 2003
 Simulering av }r 2004
 Simulering av }r 2005
 Simulering av }r 2006
 Simulering av }r 2007
 Simulering av }r 2008
 Simulering av }r 2009
 Simulering av }r 2010
 Simulering av }r 2011
 Simulering av }r 2012
 Simulering av }r 2013
 Simulering av }r 2014
 Simulering av }r 2015
 Simulering av }r 2016
 Simulering av }r 2017
 Simulering av }r 2018


 >>> Ending EOPS run for hydro power system: ULLA                
     -> Run mode EOPS_LOGFILE_OUTPUT:
     -> Please see logfile for all the details: EOPS_SIM.LOG                                                
     -> To print more detailed output, please set the
        envionrment variable LTM_TERM_LIST=TRUE.


