
 _ _ _ _ _ _ _ _ _ _ _ _ _ _ _ _ _ _ _ _ _ _ _ _ _ _ _ _ _ _ _ _
 10h37:31s - 2024.09.25: Upgrade_10
 Starting upgrade process

 _ _ _ _ _ _ _ _ _ _ _ _ _ _ _ _ _ _ _ _ _ _ _ _ _ _ _ _ _ _ _ _
 10h37:31s - 2024.09.25: Upgrade_10
 Attempted executed system command: xcopy /F /Y "U:\Prodvest\ullaforre\SERIE\S2510\8. AS\LPF24\2035\C0_Sandsa\prisavsnitt.data" . > .tmp_file_upgrade_10.ascii 2>&1
 Output from executed system command:
 U:\Prodvest\ullaforre\SERIE\S2510\8. AS\LPF24\2035\C0_Sandsa\PRISAVSNITT.DATA -> U:\Prodvest\ullaforre\SERIE\S2510\8. AS\LPF24\2035\C0_v10\PRISAVSNITT.DATA
 1 File(s) copied

 _ _ _ _ _ _ _ _ _ _ _ _ _ _ _ _ _ _ _ _ _ _ _ _ _ _ _ _ _ _ _ _
 10h37:31s - 2024.09.25: Upgrade_10
  This is an EOPS data set.

 _ _ _ _ _ _ _ _ _ _ _ _ _ _ _ _ _ _ _ _ _ _ _ _ _ _ _ _ _ _ _ _
 10h37:31s - 2024.09.25: Upgrade_10
 Attempted executed system command: xcopy /F /Y "U:\Prodvest\ullaforre\SERIE\S2510\8. AS\LPF24\2035\C0_Sandsa\EFFEKTPROFIL.ARCH" . > .tmp_file_upgrade_10.ascii 2>&1
 Output from executed system command:
 U:\Prodvest\ullaforre\SERIE\S2510\8. AS\LPF24\2035\C0_Sandsa\EFFEKTPROFIL.ARCH -> U:\Prodvest\ullaforre\SERIE\S2510\8. AS\LPF24\2035\C0_v10\EFFEKTPROFIL.ARCH
 1 File(s) copied

 _ _ _ _ _ _ _ _ _ _ _ _ _ _ _ _ _ _ _ _ _ _ _ _ _ _ _ _ _ _ _ _
 10h37:31s - 2024.09.25: Upgrade_10
 Attempted executed system command: xcopy /F /Y "U:\Prodvest\ullaforre\SERIE\S2510\8. AS\LPF24\2035\C0_Sandsa\LASTPROFIL.ARCH" . > .tmp_file_upgrade_10.ascii 2>&1
 Output from executed system command:
 U:\Prodvest\ullaforre\SERIE\S2510\8. AS\LPF24\2035\C0_Sandsa\LASTPROFIL.ARCH -> U:\Prodvest\ullaforre\SERIE\S2510\8. AS\LPF24\2035\C0_v10\LASTPROFIL.ARCH
 1 File(s) copied

 _ _ _ _ _ _ _ _ _ _ _ _ _ _ _ _ _ _ _ _ _ _ _ _ _ _ _ _ _ _ _ _
 10h37:32s - 2024.09.25: Upgrade_10
 Attempted executed system command: xcopy /F /Y "U:\Prodvest\ullaforre\SERIE\S2510\8. AS\LPF24\2035\C0_Sandsa\TEMPPROFIL_HODE.ARCH" . > .tmp_file_upgrade_10.ascii 2>&1
 Output from executed system command:
 U:\Prodvest\ullaforre\SERIE\S2510\8. AS\LPF24\2035\C0_Sandsa\TEMPPROFIL_HODE.ARCH -> U:\Prodvest\ullaforre\SERIE\S2510\8. AS\LPF24\2035\C0_v10\TEMPPROFIL_HODE.ARCH
 1 File(s) copied

 _ _ _ _ _ _ _ _ _ _ _ _ _ _ _ _ _ _ _ _ _ _ _ _ _ _ _ _ _ _ _ _
 10h37:32s - 2024.09.25: Upgrade_10
 Attempted executed system command: xcopy /F /Y "U:\Prodvest\ullaforre\SERIE\S2510\8. AS\LPF24\2035\C0_Sandsa\currency.txt" . > .tmp_file_upgrade_10.ascii 2>&1
 Output from executed system command:
 U:\Prodvest\ullaforre\SERIE\S2510\8. AS\LPF24\2035\C0_Sandsa\currency.txt -> U:\Prodvest\ullaforre\SERIE\S2510\8. AS\LPF24\2035\C0_v10\currency.txt
 1 File(s) copied

 _ _ _ _ _ _ _ _ _ _ _ _ _ _ _ _ _ _ _ _ _ _ _ _ _ _ _ _ _ _ _ _
 10h37:32s - 2024.09.25: Upgrade_10
 Attempted executed system command: xcopy /F /Y "U:\Prodvest\ullaforre\SERIE\S2510\8. AS\LPF24\2035\C0_Sandsa\ulla-forre.ENMD" . > .tmp_file_upgrade_10.ascii 2>&1
 Output from executed system command:
 U:\Prodvest\ullaforre\SERIE\S2510\8. AS\LPF24\2035\C0_Sandsa\ULLA-FORRE.ENMD -> U:\Prodvest\ullaforre\SERIE\S2510\8. AS\LPF24\2035\C0_v10\ULLA-FORRE.ENMD
 1 File(s) copied

 _ _ _ _ _ _ _ _ _ _ _ _ _ _ _ _ _ _ _ _ _ _ _ _ _ _ _ _ _ _ _ _
 10h37:32s - 2024.09.25: Upgrade_10
 Attempted executed system command: xcopy /F /Y "U:\Prodvest\ullaforre\SERIE\S2510\8. AS\LPF24\2035\C0_Sandsa\ULLA-FORRE.DETD" . > .tmp_file_upgrade_10.ascii 2>&1
 Output from executed system command:
 U:\Prodvest\ullaforre\SERIE\S2510\8. AS\LPF24\2035\C0_Sandsa\ULLA-FORRE.DETD -> U:\Prodvest\ullaforre\SERIE\S2510\8. AS\LPF24\2035\C0_v10\ULLA-FORRE.DETD
 1 File(s) copied

 _ _ _ _ _ _ _ _ _ _ _ _ _ _ _ _ _ _ _ _ _ _ _ _ _ _ _ _ _ _ _ _
 10h37:32s - 2024.09.25: Upgrade_10
 Attempted executed system command: xcopy /F /Y "U:\Prodvest\ullaforre\SERIE\S2510\8. AS\LPF24\2035\C0_Sandsa\ENMRES.h5" . > .tmp_file_upgrade_10.ascii 2>&1
 Output from executed system command:
 U:\Prodvest\ullaforre\SERIE\S2510\8. AS\LPF24\2035\C0_Sandsa\ENMRES.h5 -> U:\Prodvest\ullaforre\SERIE\S2510\8. AS\LPF24\2035\C0_v10\ENMRES.h5
 1 File(s) copied

 _ _ _ _ _ _ _ _ _ _ _ _ _ _ _ _ _ _ _ _ _ _ _ _ _ _ _ _ _ _ _ _
 10h37:32s - 2024.09.25: Upgrade_10
 Attempted executed system command: echo y | del /p "ENMRES.h5" > .tmp_file_upgrade_10.ascii 2>&1
 Output from executed system command:
 U:\Prodvest\ullaforre\SERIE\S2510\8. AS\LPF24\2035\C0_v10\ENMRES.h5, Delete (Y/N)? y

 _ _ _ _ _ _ _ _ _ _ _ _ _ _ _ _ _ _ _ _ _ _ _ _ _ _ _ _ _ _ _ _
 10h37:32s - 2024.09.25: Upgrade_10
 Attempted executed system command: xcopy /F /Y "U:\Prodvest\ullaforre\SERIE\S2510\8. AS\LPF24\2035\C0_Sandsa\LPF24_2035_sorland.pri" . > .tmp_file_upgrade_10.ascii 2>&1
 Output from executed system command:
 U:\Prodvest\ullaforre\SERIE\S2510\8. AS\LPF24\2035\C0_Sandsa\LPF24_2035_SORLAND.pri -> U:\Prodvest\ullaforre\SERIE\S2510\8. AS\LPF24\2035\C0_v10\LPF24_2035_SORLAND.pri
 1 File(s) copied

 _ _ _ _ _ _ _ _ _ _ _ _ _ _ _ _ _ _ _ _ _ _ _ _ _ _ _ _ _ _ _ _
 10h37:32s - 2024.09.25: Upgrade_10
 TEMPPROFIL_HODE.ARCH file found will attempt to upgrade it ...

 _ _ _ _ _ _ _ _ _ _ _ _ _ _ _ _ _ _ _ _ _ _ _ _ _ _ _ _ _ _ _ _
 10h37:32s - 2024.09.25: Upgrade_10
 WARNING: TEMPPROFIL_HODE.ARCH file is present, but does not contain any profiles ...

 _ _ _ _ _ _ _ _ _ _ _ _ _ _ _ _ _ _ _ _ _ _ _ _ _ _ _ _ _ _ _ _
 10h37:32s - 2024.09.25: Upgrade_10

 _ _ _ _ _ _ _ _ _ _ _ _ _ _ _ _ _ _ _ _ _ _ _ _ _ _ _ _ _ _ _ _
 10h37:33s - 2024.09.25: Upgrade_10
 Deleting all the old temperature profile files ...

 _ _ _ _ _ _ _ _ _ _ _ _ _ _ _ _ _ _ _ _ _ _ _ _ _ _ _ _ _ _ _ _
 10h37:33s - 2024.09.25: Upgrade_10
 Attempted executed system command: echo y | del /p "TEMPPROFIL_HODE.ARCH" > .tmp_file_upgrade_10.ascii 2>&1
 Output from executed system command:
 U:\Prodvest\ullaforre\SERIE\S2510\8. AS\LPF24\2035\C0_v10\TEMPPROFIL_HODE.ARCH, Delete (Y/N)? y

 _ _ _ _ _ _ _ _ _ _ _ _ _ _ _ _ _ _ _ _ _ _ _ _ _ _ _ _ _ _ _ _
 10h37:33s - 2024.09.25: Upgrade_10
 NB: For the time beeing the CHP profiles will be converted separatly, at a later stage.

 _ _ _ _ _ _ _ _ _ _ _ _ _ _ _ _ _ _ _ _ _ _ _ _ _ _ _ _ _ _ _ _
 10h37:33s - 2024.09.25: Upgrade_10
  LTM_ARCHIVE=ID

 _ _ _ _ _ _ _ _ _ _ _ _ _ _ _ _ _ _ _ _ _ _ _ _ _ _ _ _ _ _ _ _
 10h37:33s - 2024.09.25: Upgrade_10
 Attempted executed system command: xcopy /F /Y "U:\Prodvest\ullaforre\SERIE\S2510\8. AS\LPF24\2035\C0_Sandsa\ULLA-FORRE.SMAG" . > .tmp_file_upgrade_10.ascii 2>&1
 Output from executed system command:
 U:\Prodvest\ullaforre\SERIE\S2510\8. AS\LPF24\2035\C0_Sandsa\ULLA-FORRE.SMAG -> U:\Prodvest\ullaforre\SERIE\S2510\8. AS\LPF24\2035\C0_v10\ULLA-FORRE.SMAG
 1 File(s) copied

 _ _ _ _ _ _ _ _ _ _ _ _ _ _ _ _ _ _ _ _ _ _ _ _ _ _ _ _ _ _ _ _
 10h37:33s - 2024.09.25: Upgrade_10
 Attempted executed system command: xcopy /F /Y "U:\Prodvest\ullaforre\SERIE\S2510\8. AS\LPF24\2035\C0_Sandsa\DYNMODELL.SIMT" . > .tmp_file_upgrade_10.ascii 2>&1
 Output from executed system command:
 U:\Prodvest\ullaforre\SERIE\S2510\8. AS\LPF24\2035\C0_Sandsa\DYNMODELL.SIMT -> U:\Prodvest\ullaforre\SERIE\S2510\8. AS\LPF24\2035\C0_v10\DYNMODELL.SIMT
 1 File(s) copied

 _ _ _ _ _ _ _ _ _ _ _ _ _ _ _ _ _ _ _ _ _ _ _ _ _ _ _ _ _ _ _ _
 10h37:33s - 2024.09.25: Upgrade_10
 Attempted executed system command: echo y | del /p "DYNMODELL.SIMT" > .tmp_file_upgrade_10.ascii 2>&1
 Output from executed system command:
 U:\Prodvest\ullaforre\SERIE\S2510\8. AS\LPF24\2035\C0_v10\DYNMODELL.SIMT, Delete (Y/N)? y

 _ _ _ _ _ _ _ _ _ _ _ _ _ _ _ _ _ _ _ _ _ _ _ _ _ _ _ _ _ _ _ _
 10h37:33s - 2024.09.25: Upgrade_10
  Upgrading inflow and snow prognosis ...

 _ _ _ _ _ _ _ _ _ _ _ _ _ _ _ _ _ _ _ _ _ _ _ _ _ _ _ _ _ _ _ _
 10h37:33s - 2024.09.25: Upgrade_10
 Finished upgrade process.
