

       ::::: :: ::   :: :::::: :::::: ::::::
      ::     :: :::  ::   ::   ::     ::
       ::::  :: :: : ::   ::   ::::   ::::
          :: :: ::  :::   ::   ::     ::
      :::::  :: ::   ::   ::   :::::: ::    Energi AS

      Eops - EMPS_inputAPI/Edition_8.2/r16825 - 2021-01-28
      ------------------------------------------------------------------
      Brukerveiledning..: Vansimtap 
      Sintef Support....: support.energy@sintef.no, Tel: 40471700/Senb: 45456000  
      Kj›retidspunkt....:  7. desember 2023, kl  8:43:26


 LTM_TERM_LIST=TRUE
  => The output from called applications is printed to stdout.
 To instead redirect the output to a logfile, unset LTM_TERM_LIST.
 
  Kjoring av Detmod

 Detmod

 Etablering av modell/internfiler for detaljert vannkraft.
 Henting av historiske tilsigsserier fra arkiv.

 

 Grunnseriene har f|lgende middelverdier:

 Midlere }rstilsig for 5334-U er:   848.45                                   Mm3   
 Midlere }rstilsig for 2511-U er:   310.16                                   Mm3   
 Midlere }rstilsig for 5332-U er:   276.69                                   Mm3   
 Midlere }rstilsig for 5333-U er:   199.80                                   Mm3   
 Midlere }rstilsig for 2511-V er:   197.39                                   Mm3   


 Ferdig preparering av detaljerte vannkraftdata

  Kjoring av Simtap, Tilsigsetablering


       ::::: :: ::   :: :::::: :::::: ::::::
      ::     :: :::  ::   ::   ::     ::
       ::::  :: :: : ::   ::   ::::   ::::
          :: :: ::  :::   ::   ::     ::
      :::::  :: ::   ::   ::   :::::: ::    Energi AS

      S I M T A P - EMPS_inputAPI/Edition_8.2/r16825 - 2021-01-28
      -------------------------------------------------------------------------
      Brukerveiledning..: Vansimtap
      Sintef Support....: support.energy@sintef.no, Tel: 40471700/Senb: 45456000  
      Kj›retidspunkt....:  7. desember 2023, kl  8:43:27


 Tilsigsberegning
 

 Havarihendelser leses; gyldige havarier funnet for:
     Stasjon             MW ute             Uker
  73808 SKJOMEN                   100.0          106 - 121
 

 Klimakorrigering av tilsig.(BTI)
 Filen med navn :bti1-skjomen.sdv
 Eksisterer ikke p} kj|rekatalogen. Programmet produserer
 derfor selv en mal for en slik fil.
 Malen kan bearbeides i regneark eller editor.



 Klimakorrigering av tilsig.(BTI)
 Filen med navn :bti2-skjomen.sdv
 Eksisterer ikke p} kj|rekatalogen. Programmet produserer
 derfor selv en mal for en slik fil.
 Malen kan bearbeides i regneark eller editor.




*****************************************************************************
*  NB!                                                                      *
*  Tilsigsdata er modifisert etter data paa f|lgende filer:                 *
*                                              bti1-skjomen.sdv             *
*                                              bti2-skjomen.sdv             *
*                                                                           *
*  Dersom modifikasjon av tilsiget ikke |nskes, maa filene fjernes foran    *
*  neste kj|ring av Simtap.                                                 *
*****************************************************************************



Begrensende generatorkapasitet innlest fra fil LTM_MWGrense.data   
 Modul   Generatorkapasitet (MW)
 73803           30.00
 73805            8.00
 73808          300.00
 
 WARNING: Writing ENMIN values to file: skjomen.ENMIN
 
 Simulering av }r 1931
 Simulering av }r 1932
 Simulering av }r 1933
 Simulering av }r 1934
 Simulering av }r 1935
 Simulering av }r 1936
 Simulering av }r 1937
 Simulering av }r 1938
 Simulering av }r 1939
 Simulering av }r 1940
 Simulering av }r 1941
 Simulering av }r 1942
 Simulering av }r 1943
 Simulering av }r 1944
 Simulering av }r 1945
 Simulering av }r 1946
 Simulering av }r 1947
 Simulering av }r 1948
 Simulering av }r 1949
 Simulering av }r 1950
 Simulering av }r 1951
 Simulering av }r 1952
 Simulering av }r 1953
 Simulering av }r 1954
 Simulering av }r 1955
 Simulering av }r 1956
 Simulering av }r 1957
 Simulering av }r 1958
 Simulering av }r 1959
 Simulering av }r 1960
 Simulering av }r 1961
 Simulering av }r 1962
 Simulering av }r 1963
 Simulering av }r 1964
 Simulering av }r 1965
 Simulering av }r 1966
 Simulering av }r 1967
 Simulering av }r 1968
 Simulering av }r 1969
 Simulering av }r 1970
 Simulering av }r 1971
 Simulering av }r 1972
 Simulering av }r 1973
 Simulering av }r 1974
 Simulering av }r 1975
 Simulering av }r 1976
 Simulering av }r 1977
 Simulering av }r 1978
 Simulering av }r 1979
 Simulering av }r 1980
 Simulering av }r 1981
 Simulering av }r 1982
 Simulering av }r 1983
 Simulering av }r 1984
 Simulering av }r 1985
 Simulering av }r 1986
 Simulering av }r 1987
 Simulering av }r 1988
 Simulering av }r 1989
 Simulering av }r 1990
 Simulering av }r 1991
 Simulering av }r 1992
 Simulering av }r 1993
 Simulering av }r 1994
 Simulering av }r 1995
 Simulering av }r 1996
 Simulering av }r 1997
 Simulering av }r 1998
 Simulering av }r 1999
 Simulering av }r 2000
 Simulering av }r 2001
 Simulering av }r 2002
 Simulering av }r 2003
 Simulering av }r 2004
 Simulering av }r 2005
 Simulering av }r 2006
 Simulering av }r 2007
 Simulering av }r 2008
 Simulering av }r 2009
 Simulering av }r 2010
 Simulering av }r 2011
 Simulering av }r 2012
 Simulering av }r 2013
 Simulering av }r 2014
 Simulering av }r 2015
 Simulering av }r 2016
 Simulering av }r 2017
 Simulering av }r 2018
  Kjoring av Tilsim, Energitilsigsetablering


       ::::: :: ::   :: :::::: :::::: ::::::
      ::     :: :::  ::   ::   ::     ::
       ::::  :: :: : ::   ::   ::::   ::::
          :: :: ::  :::   ::   ::     ::
      :::::  :: ::   ::   ::   :::::: ::    Energi AS

      T I L S I M - EMPS_inputAPI/Edition_8.2/r16825 - 2021-01-28
      -------------------------------------------------------------------------
      Brukerveiledning..: Samkj|ringsmodellen 
      Sintef Support....: support.energy@sintef.no, Tel: 40471700/Senb: 45456000  
      Kj›retidspunkt....:  7. desember 2023, kl  8:43:29




  Midlere tilsig for perioden: Uke nr   1- 468
  Regulert:  12829.38  Uregulert:    122.56


  Genering av filer for enmagasingrenser, .EMAR
 WARNING: Reading ENMIN values from file: skjomen.ENMIN
  Genering av av prismodell ut fra prisrekke


       ::::: :: ::   :: :::::: :::::: ::::::
      ::     :: :::  ::   ::   ::     ::
       ::::  :: :: : ::   ::   ::::   ::::
          :: :: ::  :::   ::   ::     ::
      :::::  :: ::   ::   ::   :::::: ::    Energi AS

      G E N P R I S - EMPS_inputAPI/Edition_8.2/r16825 - 2021-01-28
      ---------------------------------------------------------------------------
      Brukerveiledning..: Vansimtap                        
      Sintef Support....: support.energy@sintef.no, Tel: 40471700/Senb: 45456000  
      Kj›retidspunkt....:  7. desember 2023, kl  8:43:30


  Kjoring av Vansim,
  Samme overf|ringskap. mot spotmarkedet ved vannverdiberegning


       ::::: :: ::   :: :::::: :::::: ::::::
      ::     :: :::  ::   ::   ::     ::
       ::::  :: :: : ::   ::   ::::   ::::
          :: :: ::  :::   ::   ::     ::
      :::::  :: ::   ::   ::   :::::: ::    Energi AS

      V A N S I M - EMPS_inputAPI/Edition_8.2/r16825 - 2021-01-28
      -------------------------------------------------------------------------
      Brukerveiledning..: Vansimtap Brukerveiledning
      Sintef Support....: support.energy@sintef.no, Tel: 40471700/Senb: 45456000  
      Kj›retidspunkt....:  7. desember 2023, kl  8:43:31




 Vannverdiberegning for område skjomen


   Iterasjon nr   1
   Antall ikke stabiliserte punkt i slutten av uke 260,  (s|yle JSLUTT+1): 357

   Iterasjon nr   2
   Antall ikke stabiliserte punkt i slutten av uke 260,  (s|yle JSLUTT+1): 353

   Iterasjon nr   3
   Antall ikke stabiliserte punkt i slutten av uke 260,  (s|yle JSLUTT+1): 147

   Iterasjon nr   4
   Antall ikke stabiliserte punkt i slutten av uke 260,  (s|yle JSLUTT+1):   0
  Kjoring av Simtap, Tappefordeling


       ::::: :: ::   :: :::::: :::::: ::::::
      ::     :: :::  ::   ::   ::     ::
       ::::  :: :: : ::   ::   ::::   ::::
          :: :: ::  :::   ::   ::     ::
      :::::  :: ::   ::   ::   :::::: ::    Energi AS

      S I M T A P - EMPS_inputAPI/Edition_8.2/r16825 - 2021-01-28
      -------------------------------------------------------------------------
      Brukerveiledning..: Vansimtap
      Sintef Support....: support.energy@sintef.no, Tel: 40471700/Senb: 45456000  
      Kj›retidspunkt....:  7. desember 2023, kl  8:44:00


 Simulering med |konomiske data
 

 Havarihendelser leses; gyldige havarier funnet for:
     Stasjon             MW ute             Uker
  73808 SKJOMEN                   100.0          106 - 121
 


*****************************************************************************
*  NB!                                                                      *
*  Tilsigsdata er modifisert etter data paa f|lgende filer:                 *
*                                              bti1-skjomen.sdv             *
*                                              bti2-skjomen.sdv             *
*                                                                           *
*  Dersom modifikasjon av tilsiget ikke |nskes, maa filene fjernes foran    *
*  neste kj|ring av Simtap.                                                 *
*****************************************************************************



Begrensende generatorkapasitet innlest fra fil LTM_MWGrense.data   
 Modul   Generatorkapasitet (MW)
 73803           30.00
 73805            8.00
 73808          300.00
 
 
 Simulering av }r 1931
 Simulering av }r 1932
 Simulering av }r 1933
 Simulering av }r 1934
 Simulering av }r 1935
 Simulering av }r 1936
 Simulering av }r 1937
 Simulering av }r 1938
 Simulering av }r 1939
 Simulering av }r 1940
 Simulering av }r 1941
 Simulering av }r 1942
 Simulering av }r 1943
 Simulering av }r 1944
 Simulering av }r 1945
 Simulering av }r 1946
 Simulering av }r 1947
 Simulering av }r 1948
 Simulering av }r 1949
 Simulering av }r 1950
 Simulering av }r 1951
 Simulering av }r 1952
 Simulering av }r 1953
 Simulering av }r 1954
 Simulering av }r 1955
 Simulering av }r 1956
 Simulering av }r 1957
 Simulering av }r 1958
 Simulering av }r 1959
 Simulering av }r 1960
 Simulering av }r 1961
 Simulering av }r 1962
 Simulering av }r 1963
 Simulering av }r 1964
 Simulering av }r 1965
 Simulering av }r 1966
 Simulering av }r 1967
 Simulering av }r 1968
 Simulering av }r 1969
 Simulering av }r 1970
 Simulering av }r 1971
 Simulering av }r 1972
 Simulering av }r 1973
 Simulering av }r 1974
 Simulering av }r 1975
 Simulering av }r 1976
 Simulering av }r 1977
 Simulering av }r 1978
 Simulering av }r 1979
 Simulering av }r 1980
 Simulering av }r 1981
 Simulering av }r 1982
 Simulering av }r 1983
 Simulering av }r 1984
 Simulering av }r 1985
 Simulering av }r 1986
 Simulering av }r 1987
 Simulering av }r 1988
 Simulering av }r 1989
 Simulering av }r 1990
 Simulering av }r 1991
 Simulering av }r 1992
 Simulering av }r 1993
 Simulering av }r 1994
 Simulering av }r 1995
 Simulering av }r 1996
 Simulering av }r 1997
 Simulering av }r 1998
 Simulering av }r 1999
 Simulering av }r 2000
 Simulering av }r 2001
 Simulering av }r 2002
 Simulering av }r 2003
 Simulering av }r 2004
 Simulering av }r 2005
 Simulering av }r 2006
 Simulering av }r 2007
 Simulering av }r 2008
 Simulering av }r 2009
 Simulering av }r 2010
 Simulering av }r 2011
 Simulering av }r 2012
 Simulering av }r 2013
 Simulering av }r 2014
 Simulering av }r 2015
 Simulering av }r 2016
 Simulering av }r 2017
 Simulering av }r 2018
 -------------------------------------------------           1
 
 Simulering av }r 1931
 Simulering av }r 1932
 Simulering av }r 1933
 Simulering av }r 1934
 Simulering av }r 1935
 Simulering av }r 1936
 Simulering av }r 1937
 Simulering av }r 1938
 Simulering av }r 1939
 Simulering av }r 1940
 Simulering av }r 1941
 Simulering av }r 1942
 Simulering av }r 1943
 Simulering av }r 1944
 Simulering av }r 1945
 Simulering av }r 1946
 Simulering av }r 1947
 Simulering av }r 1948
 Simulering av }r 1949
 Simulering av }r 1950
 Simulering av }r 1951
 Simulering av }r 1952
 Simulering av }r 1953
 Simulering av }r 1954
 Simulering av }r 1955
 Simulering av }r 1956
 Simulering av }r 1957
 Simulering av }r 1958
 Simulering av }r 1959
 Simulering av }r 1960
 Simulering av }r 1961
 Simulering av }r 1962
 Simulering av }r 1963
 Simulering av }r 1964
 Simulering av }r 1965
 Simulering av }r 1966
 Simulering av }r 1967
 Simulering av }r 1968
 Simulering av }r 1969
 Simulering av }r 1970
 Simulering av }r 1971
 Simulering av }r 1972
 Simulering av }r 1973
 Simulering av }r 1974
 Simulering av }r 1975
 Simulering av }r 1976
 Simulering av }r 1977
 Simulering av }r 1978
 Simulering av }r 1979
 Simulering av }r 1980
 Simulering av }r 1981
 Simulering av }r 1982
 Simulering av }r 1983
 Simulering av }r 1984
 Simulering av }r 1985
 Simulering av }r 1986
 Simulering av }r 1987
 Simulering av }r 1988
 Simulering av }r 1989
 Simulering av }r 1990
 Simulering av }r 1991
 Simulering av }r 1992
 Simulering av }r 1993
 Simulering av }r 1994
 Simulering av }r 1995
 Simulering av }r 1996
 Simulering av }r 1997
 Simulering av }r 1998
 Simulering av }r 1999
 Simulering av }r 2000
 Simulering av }r 2001
 Simulering av }r 2002
 Simulering av }r 2003
 Simulering av }r 2004
 Simulering av }r 2005
 Simulering av }r 2006
 Simulering av }r 2007
 Simulering av }r 2008
 Simulering av }r 2009
 Simulering av }r 2010
 Simulering av }r 2011
 Simulering av }r 2012
 Simulering av }r 2013
 Simulering av }r 2014
 Simulering av }r 2015
 Simulering av }r 2016
 Simulering av }r 2017
 Simulering av }r 2018
 -------------------------------------------------           2
 
 Simulering av }r 1931
 Simulering av }r 1932
 Simulering av }r 1933
 Simulering av }r 1934
 Simulering av }r 1935
 Simulering av }r 1936
 Simulering av }r 1937
 Simulering av }r 1938
 Simulering av }r 1939
 Simulering av }r 1940
 Simulering av }r 1941
 Simulering av }r 1942
 Simulering av }r 1943
 Simulering av }r 1944
 Simulering av }r 1945
 Simulering av }r 1946
 Simulering av }r 1947
 Simulering av }r 1948
 Simulering av }r 1949
 Simulering av }r 1950
 Simulering av }r 1951
 Simulering av }r 1952
 Simulering av }r 1953
 Simulering av }r 1954
 Simulering av }r 1955
 Simulering av }r 1956
 Simulering av }r 1957
 Simulering av }r 1958
 Simulering av }r 1959
 Simulering av }r 1960
 Simulering av }r 1961
 Simulering av }r 1962
 Simulering av }r 1963
 Simulering av }r 1964
 Simulering av }r 1965
 Simulering av }r 1966
 Simulering av }r 1967
 Simulering av }r 1968
 Simulering av }r 1969
 Simulering av }r 1970
 Simulering av }r 1971
 Simulering av }r 1972
 Simulering av }r 1973
 Simulering av }r 1974
 Simulering av }r 1975
 Simulering av }r 1976
 Simulering av }r 1977
 Simulering av }r 1978
 Simulering av }r 1979
 Simulering av }r 1980
 Simulering av }r 1981
 Simulering av }r 1982
 Simulering av }r 1983
 Simulering av }r 1984
 Simulering av }r 1985
 Simulering av }r 1986
 Simulering av }r 1987
 Simulering av }r 1988
 Simulering av }r 1989
 Simulering av }r 1990
 Simulering av }r 1991
 Simulering av }r 1992
 Simulering av }r 1993
 Simulering av }r 1994
 Simulering av }r 1995
 Simulering av }r 1996
 Simulering av }r 1997
 Simulering av }r 1998
 Simulering av }r 1999
 Simulering av }r 2000
 Simulering av }r 2001
 Simulering av }r 2002
 Simulering av }r 2003
 Simulering av }r 2004
 Simulering av }r 2005
 Simulering av }r 2006
 Simulering av }r 2007
 Simulering av }r 2008
 Simulering av }r 2009
 Simulering av }r 2010
 Simulering av }r 2011
 Simulering av }r 2012
 Simulering av }r 2013
 Simulering av }r 2014
 Simulering av }r 2015
 Simulering av }r 2016
 Simulering av }r 2017
 Simulering av }r 2018
 -------------------------------------------------           3
 
 Simulering av }r 1931
 Simulering av }r 1932
 Simulering av }r 1933
 Simulering av }r 1934
 Simulering av }r 1935
 Simulering av }r 1936
 Simulering av }r 1937
 Simulering av }r 1938
 Simulering av }r 1939
 Simulering av }r 1940
 Simulering av }r 1941
 Simulering av }r 1942
 Simulering av }r 1943
 Simulering av }r 1944
 Simulering av }r 1945
 Simulering av }r 1946
 Simulering av }r 1947
 Simulering av }r 1948
 Simulering av }r 1949
 Simulering av }r 1950
 Simulering av }r 1951
 Simulering av }r 1952
 Simulering av }r 1953
 Simulering av }r 1954
 Simulering av }r 1955
 Simulering av }r 1956
 Simulering av }r 1957
 Simulering av }r 1958
 Simulering av }r 1959
 Simulering av }r 1960
 Simulering av }r 1961
 Simulering av }r 1962
 Simulering av }r 1963
 Simulering av }r 1964
 Simulering av }r 1965
 Simulering av }r 1966
 Simulering av }r 1967
 Simulering av }r 1968
 Simulering av }r 1969
 Simulering av }r 1970
 Simulering av }r 1971
 Simulering av }r 1972
 Simulering av }r 1973
 Simulering av }r 1974
 Simulering av }r 1975
 Simulering av }r 1976
 Simulering av }r 1977
 Simulering av }r 1978
 Simulering av }r 1979
 Simulering av }r 1980
 Simulering av }r 1981
 Simulering av }r 1982
 Simulering av }r 1983
 Simulering av }r 1984
 Simulering av }r 1985
 Simulering av }r 1986
 Simulering av }r 1987
 Simulering av }r 1988
 Simulering av }r 1989
 Simulering av }r 1990
 Simulering av }r 1991
 Simulering av }r 1992
 Simulering av }r 1993
 Simulering av }r 1994
 Simulering av }r 1995
 Simulering av }r 1996
 Simulering av }r 1997
 Simulering av }r 1998
 Simulering av }r 1999
 Simulering av }r 2000
 Simulering av }r 2001
 Simulering av }r 2002
 Simulering av }r 2003
 Simulering av }r 2004
 Simulering av }r 2005
 Simulering av }r 2006
 Simulering av }r 2007
 Simulering av }r 2008
 Simulering av }r 2009
 Simulering av }r 2010
 Simulering av }r 2011
 Simulering av }r 2012
 Simulering av }r 2013
 Simulering av }r 2014
 Simulering av }r 2015
 Simulering av }r 2016
 Simulering av }r 2017
 Simulering av }r 2018
 -------------------------------------------------           4
 
 Simulering av }r 1931
 Simulering av }r 1932
 Simulering av }r 1933
 Simulering av }r 1934
 Simulering av }r 1935
 Simulering av }r 1936
 Simulering av }r 1937
 Simulering av }r 1938
 Simulering av }r 1939
 Simulering av }r 1940
 Simulering av }r 1941
 Simulering av }r 1942
 Simulering av }r 1943
 Simulering av }r 1944
 Simulering av }r 1945
 Simulering av }r 1946
 Simulering av }r 1947
 Simulering av }r 1948
 Simulering av }r 1949
 Simulering av }r 1950
 Simulering av }r 1951
 Simulering av }r 1952
 Simulering av }r 1953
 Simulering av }r 1954
 Simulering av }r 1955
 Simulering av }r 1956
 Simulering av }r 1957
 Simulering av }r 1958
 Simulering av }r 1959
 Simulering av }r 1960
 Simulering av }r 1961
 Simulering av }r 1962
 Simulering av }r 1963
 Simulering av }r 1964
 Simulering av }r 1965
 Simulering av }r 1966
 Simulering av }r 1967
 Simulering av }r 1968
 Simulering av }r 1969
 Simulering av }r 1970
 Simulering av }r 1971
 Simulering av }r 1972
 Simulering av }r 1973
 Simulering av }r 1974
 Simulering av }r 1975
 Simulering av }r 1976
 Simulering av }r 1977
 Simulering av }r 1978
 Simulering av }r 1979
 Simulering av }r 1980
 Simulering av }r 1981
 Simulering av }r 1982
 Simulering av }r 1983
 Simulering av }r 1984
 Simulering av }r 1985
 Simulering av }r 1986
 Simulering av }r 1987
 Simulering av }r 1988
 Simulering av }r 1989
 Simulering av }r 1990
 Simulering av }r 1991
 Simulering av }r 1992
 Simulering av }r 1993
 Simulering av }r 1994
 Simulering av }r 1995
 Simulering av }r 1996
 Simulering av }r 1997
 Simulering av }r 1998
 Simulering av }r 1999
 Simulering av }r 2000
 Simulering av }r 2001
 Simulering av }r 2002
 Simulering av }r 2003
 Simulering av }r 2004
 Simulering av }r 2005
 Simulering av }r 2006
 Simulering av }r 2007
 Simulering av }r 2008
 Simulering av }r 2009
 Simulering av }r 2010
 Simulering av }r 2011
 Simulering av }r 2012
 Simulering av }r 2013
 Simulering av }r 2014
 Simulering av }r 2015
 Simulering av }r 2016
 Simulering av }r 2017
 Uke nr. 239:          Avvik i produksjon (MW):   -0.00   -0.24    0.12    0.12    0.12    0.12    0.12    0.12    0.12    0.06    0.12    0.12    0.12    0.12    0.12    0.12    0.12    0.12    0.12    0.12    0.01    0.01    0.01    0.01    0.01    0.01   -0.24   -0.24   -0.24    0.01    0.01    0.01    0.01   41.70   41.70   41.70   -0.24   -0.24   -0.24    0.01    0.01    0.01    0.01    0.01    0.01    0.01   -0.24   41.70   41.70    0.01    0.01   -0.00   -0.00   -0.00    0.12    0.01
 Simulering av }r 2018
 
                             u/havari uke106-121 uke114-129 uke127-142 uke140-155
 Inntekt                kEUR     148787     146183     147558     148739     149478
 Verdi av ekstra vann   kEUR                    -4         -2          0          4
 Nto. kostnad av havari kEUR                  2608       1230         48       -696
 
  Genering av filer for enmagasingrenser, .EMAR
 WARNING: Reading ENMIN values from file: skjomen.ENMIN
  Genering av av prismodell ut fra prisrekke


       ::::: :: ::   :: :::::: :::::: ::::::
      ::     :: :::  ::   ::   ::     ::
       ::::  :: :: : ::   ::   ::::   ::::
          :: :: ::  :::   ::   ::     ::
      :::::  :: ::   ::   ::   :::::: ::    Energi AS

      G E N P R I S - EMPS_inputAPI/Edition_8.2/r16825 - 2021-01-28
      ---------------------------------------------------------------------------
      Brukerveiledning..: Vansimtap                        
      Sintef Support....: support.energy@sintef.no, Tel: 40471700/Senb: 45456000  
      Kj›retidspunkt....:  7. desember 2023, kl  8:47:09


  Kjoring av Vansim,
  Samme overf|ringskap. mot spotmarkedet ved vannverdiberegning


       ::::: :: ::   :: :::::: :::::: ::::::
      ::     :: :::  ::   ::   ::     ::
       ::::  :: :: : ::   ::   ::::   ::::
          :: :: ::  :::   ::   ::     ::
      :::::  :: ::   ::   ::   :::::: ::    Energi AS

      V A N S I M - EMPS_inputAPI/Edition_8.2/r16825 - 2021-01-28
      -------------------------------------------------------------------------
      Brukerveiledning..: Vansimtap Brukerveiledning
      Sintef Support....: support.energy@sintef.no, Tel: 40471700/Senb: 45456000  
      Kj›retidspunkt....:  7. desember 2023, kl  8:47:10




 Vannverdiberegning for område skjomen


   Iterasjon nr   1
   Antall ikke stabiliserte punkt i slutten av uke 260,  (s|yle JSLUTT+1):   0
  Kjoring av Simtap, Havarianalyser


       ::::: :: ::   :: :::::: :::::: ::::::
      ::     :: :::  ::   ::   ::     ::
       ::::  :: :: : ::   ::   ::::   ::::
          :: :: ::  :::   ::   ::     ::
      :::::  :: ::   ::   ::   :::::: ::    Energi AS

      S I M T A P - EMPS_inputAPI/Edition_8.2/r16825 - 2021-01-28
      -------------------------------------------------------------------------
      Brukerveiledning..: Vansimtap
      Sintef Support....: support.energy@sintef.no, Tel: 40471700/Senb: 45456000  
      Kj›retidspunkt....:  7. desember 2023, kl  8:47:36


 Simulering med |konomiske data
 

 Havarihendelser leses; gyldige havarier funnet for:
     Stasjon             MW ute             Uker
  73808 SKJOMEN                   100.0          106 - 121
 


*****************************************************************************
*  NB!                                                                      *
*  Tilsigsdata er modifisert etter data paa f|lgende filer:                 *
*                                              bti1-skjomen.sdv             *
*                                              bti2-skjomen.sdv             *
*                                                                           *
*  Dersom modifikasjon av tilsiget ikke |nskes, maa filene fjernes foran    *
*  neste kj|ring av Simtap.                                                 *
*****************************************************************************



Begrensende generatorkapasitet innlest fra fil LTM_MWGrense.data   
 Modul   Generatorkapasitet (MW)
 73803           30.00
 73805            8.00
 73808          300.00
 
 
 Simulering av }r 1931
 Simulering av }r 1932
 Simulering av }r 1933
 Simulering av }r 1934
 Simulering av }r 1935
 Simulering av }r 1936
 Simulering av }r 1937
 Simulering av }r 1938
 Simulering av }r 1939
 Simulering av }r 1940
 Simulering av }r 1941
 Simulering av }r 1942
 Simulering av }r 1943
 Simulering av }r 1944
 Simulering av }r 1945
 Simulering av }r 1946
 Simulering av }r 1947
 Simulering av }r 1948
 Simulering av }r 1949
 Simulering av }r 1950
 Simulering av }r 1951
 Simulering av }r 1952
 Simulering av }r 1953
 Simulering av }r 1954
 Simulering av }r 1955
 Simulering av }r 1956
 Simulering av }r 1957
 Simulering av }r 1958
 Simulering av }r 1959
 Simulering av }r 1960
 Simulering av }r 1961
 Simulering av }r 1962
 Simulering av }r 1963
 Simulering av }r 1964
 Simulering av }r 1965
 Simulering av }r 1966
 Simulering av }r 1967
 Simulering av }r 1968
 Simulering av }r 1969
 Simulering av }r 1970
 Simulering av }r 1971
 Simulering av }r 1972
 Simulering av }r 1973
 Simulering av }r 1974
 Simulering av }r 1975
 Simulering av }r 1976
 Simulering av }r 1977
 Simulering av }r 1978
 Simulering av }r 1979
 Simulering av }r 1980
 Simulering av }r 1981
 Simulering av }r 1982
 Simulering av }r 1983
 Simulering av }r 1984
 Simulering av }r 1985
 Simulering av }r 1986
 Simulering av }r 1987
 Simulering av }r 1988
 Simulering av }r 1989
 Simulering av }r 1990
 Simulering av }r 1991
 Simulering av }r 1992
 Simulering av }r 1993
 Simulering av }r 1994
 Simulering av }r 1995
 Simulering av }r 1996
 Simulering av }r 1997
 Simulering av }r 1998
 Simulering av }r 1999
 Simulering av }r 2000
 Simulering av }r 2001
 Simulering av }r 2002
 Simulering av }r 2003
 Simulering av }r 2004
 Simulering av }r 2005
 Simulering av }r 2006
 Simulering av }r 2007
 Simulering av }r 2008
 Simulering av }r 2009
 Simulering av }r 2010
 Simulering av }r 2011
 Simulering av }r 2012
 Simulering av }r 2013
 Simulering av }r 2014
 Simulering av }r 2015
 Simulering av }r 2016
 Simulering av }r 2017
 Simulering av }r 2018
 -------------------------------------------------           1
 
 Simulering av }r 1931
 Simulering av }r 1932
 Simulering av }r 1933
 Simulering av }r 1934
 Simulering av }r 1935
 Simulering av }r 1936
 Simulering av }r 1937
 Simulering av }r 1938
 Simulering av }r 1939
 Simulering av }r 1940
 Simulering av }r 1941
 Simulering av }r 1942
 Simulering av }r 1943
 Simulering av }r 1944
 Simulering av }r 1945
 Simulering av }r 1946
 Simulering av }r 1947
 Simulering av }r 1948
 Simulering av }r 1949
 Simulering av }r 1950
 Simulering av }r 1951
 Simulering av }r 1952
 Simulering av }r 1953
 Simulering av }r 1954
 Simulering av }r 1955
 Simulering av }r 1956
 Simulering av }r 1957
 Simulering av }r 1958
 Simulering av }r 1959
 Simulering av }r 1960
 Simulering av }r 1961
 Simulering av }r 1962
 Simulering av }r 1963
 Simulering av }r 1964
 Simulering av }r 1965
 Simulering av }r 1966
 Simulering av }r 1967
 Simulering av }r 1968
 Simulering av }r 1969
 Simulering av }r 1970
 Simulering av }r 1971
 Simulering av }r 1972
 Simulering av }r 1973
 Simulering av }r 1974
 Simulering av }r 1975
 Simulering av }r 1976
 Simulering av }r 1977
 Simulering av }r 1978
 Simulering av }r 1979
 Simulering av }r 1980
 Simulering av }r 1981
 Simulering av }r 1982
 Simulering av }r 1983
 Simulering av }r 1984
 Simulering av }r 1985
 Simulering av }r 1986
 Simulering av }r 1987
 Simulering av }r 1988
 Simulering av }r 1989
 Simulering av }r 1990
 Simulering av }r 1991
 Simulering av }r 1992
 Simulering av }r 1993
 Simulering av }r 1994
 Simulering av }r 1995
 Simulering av }r 1996
 Simulering av }r 1997
 Simulering av }r 1998
 Simulering av }r 1999
 Simulering av }r 2000
 Simulering av }r 2001
 Simulering av }r 2002
 Simulering av }r 2003
 Simulering av }r 2004
 Simulering av }r 2005
 Simulering av }r 2006
 Simulering av }r 2007
 Simulering av }r 2008
 Simulering av }r 2009
 Simulering av }r 2010
 Simulering av }r 2011
 Simulering av }r 2012
 Simulering av }r 2013
 Simulering av }r 2014
 Simulering av }r 2015
 Simulering av }r 2016
 Simulering av }r 2017
 Simulering av }r 2018
 -------------------------------------------------           2
 
 Simulering av }r 1931
 Simulering av }r 1932
 Simulering av }r 1933
 Simulering av }r 1934
 Simulering av }r 1935
 Simulering av }r 1936
 Simulering av }r 1937
 Simulering av }r 1938
 Simulering av }r 1939
 Simulering av }r 1940
 Simulering av }r 1941
 Simulering av }r 1942
 Simulering av }r 1943
 Simulering av }r 1944
 Simulering av }r 1945
 Simulering av }r 1946
 Simulering av }r 1947
 Simulering av }r 1948
 Simulering av }r 1949
 Simulering av }r 1950
 Simulering av }r 1951
 Simulering av }r 1952
 Simulering av }r 1953
 Simulering av }r 1954
 Simulering av }r 1955
 Simulering av }r 1956
 Simulering av }r 1957
 Simulering av }r 1958
 Simulering av }r 1959
 Simulering av }r 1960
 Simulering av }r 1961
 Simulering av }r 1962
 Simulering av }r 1963
 Simulering av }r 1964
 Simulering av }r 1965
 Simulering av }r 1966
 Simulering av }r 1967
 Simulering av }r 1968
 Simulering av }r 1969
 Simulering av }r 1970
 Simulering av }r 1971
 Simulering av }r 1972
 Simulering av }r 1973
 Simulering av }r 1974
 Simulering av }r 1975
 Simulering av }r 1976
 Simulering av }r 1977
 Simulering av }r 1978
 Simulering av }r 1979
 Simulering av }r 1980
 Simulering av }r 1981
 Simulering av }r 1982
 Simulering av }r 1983
 Simulering av }r 1984
 Simulering av }r 1985
 Simulering av }r 1986
 Simulering av }r 1987
 Simulering av }r 1988
 Simulering av }r 1989
 Simulering av }r 1990
 Simulering av }r 1991
 Simulering av }r 1992
 Simulering av }r 1993
 Simulering av }r 1994
 Simulering av }r 1995
 Simulering av }r 1996
 Simulering av }r 1997
 Simulering av }r 1998
 Simulering av }r 1999
 Simulering av }r 2000
 Simulering av }r 2001
 Simulering av }r 2002
 Simulering av }r 2003
 Simulering av }r 2004
 Simulering av }r 2005
 Simulering av }r 2006
 Simulering av }r 2007
 Simulering av }r 2008
 Simulering av }r 2009
 Simulering av }r 2010
 Simulering av }r 2011
 Simulering av }r 2012
 Simulering av }r 2013
 Simulering av }r 2014
 Simulering av }r 2015
 Simulering av }r 2016
 Simulering av }r 2017
 Simulering av }r 2018
 -------------------------------------------------           3
 
 Simulering av }r 1931
 Simulering av }r 1932
 Simulering av }r 1933
 Simulering av }r 1934
 Simulering av }r 1935
 Simulering av }r 1936
 Simulering av }r 1937
 Simulering av }r 1938
 Simulering av }r 1939
 Simulering av }r 1940
 Simulering av }r 1941
 Simulering av }r 1942
 Simulering av }r 1943
 Simulering av }r 1944
 Simulering av }r 1945
 Simulering av }r 1946
 Simulering av }r 1947
 Simulering av }r 1948
 Simulering av }r 1949
 Simulering av }r 1950
 Simulering av }r 1951
 Simulering av }r 1952
 Simulering av }r 1953
 Simulering av }r 1954
 Simulering av }r 1955
 Simulering av }r 1956
 Simulering av }r 1957
 Simulering av }r 1958
 Simulering av }r 1959
 Simulering av }r 1960
 Simulering av }r 1961
 Simulering av }r 1962
 Simulering av }r 1963
 Simulering av }r 1964
 Simulering av }r 1965
 Simulering av }r 1966
 Simulering av }r 1967
 Simulering av }r 1968
 Simulering av }r 1969
 Simulering av }r 1970
 Simulering av }r 1971
 Simulering av }r 1972
 Simulering av }r 1973
 Simulering av }r 1974
 Simulering av }r 1975
 Simulering av }r 1976
 Simulering av }r 1977
 Simulering av }r 1978
 Simulering av }r 1979
 Simulering av }r 1980
 Simulering av }r 1981
 Simulering av }r 1982
 Simulering av }r 1983
 Simulering av }r 1984
 Simulering av }r 1985
 Simulering av }r 1986
 Simulering av }r 1987
 Simulering av }r 1988
 Simulering av }r 1989
 Simulering av }r 1990
 Simulering av }r 1991
 Simulering av }r 1992
 Simulering av }r 1993
 Simulering av }r 1994
 Simulering av }r 1995
 Simulering av }r 1996
 Simulering av }r 1997
 Simulering av }r 1998
 Simulering av }r 1999
 Simulering av }r 2000
 Simulering av }r 2001
 Simulering av }r 2002
 Simulering av }r 2003
 Simulering av }r 2004
 Simulering av }r 2005
 Simulering av }r 2006
 Simulering av }r 2007
 Simulering av }r 2008
 Simulering av }r 2009
 Simulering av }r 2010
 Simulering av }r 2011
 Simulering av }r 2012
 Simulering av }r 2013
 Simulering av }r 2014
 Simulering av }r 2015
 Simulering av }r 2016
 Simulering av }r 2017
 Simulering av }r 2018
 -------------------------------------------------           4
 
 Simulering av }r 1931
 Simulering av }r 1932
 Simulering av }r 1933
 Simulering av }r 1934
 Simulering av }r 1935
 Simulering av }r 1936
 Simulering av }r 1937
 Simulering av }r 1938
 Simulering av }r 1939
 Simulering av }r 1940
 Simulering av }r 1941
 Simulering av }r 1942
 Simulering av }r 1943
 Simulering av }r 1944
 Simulering av }r 1945
 Simulering av }r 1946
 Simulering av }r 1947
 Simulering av }r 1948
 Simulering av }r 1949
 Simulering av }r 1950
 Simulering av }r 1951
 Simulering av }r 1952
 Simulering av }r 1953
 Simulering av }r 1954
 Simulering av }r 1955
 Simulering av }r 1956
 Simulering av }r 1957
 Simulering av }r 1958
 Simulering av }r 1959
 Simulering av }r 1960
 Simulering av }r 1961
 Simulering av }r 1962
 Simulering av }r 1963
 Simulering av }r 1964
 Simulering av }r 1965
 Simulering av }r 1966
 Simulering av }r 1967
 Simulering av }r 1968
 Simulering av }r 1969
 Simulering av }r 1970
 Simulering av }r 1971
 Simulering av }r 1972
 Simulering av }r 1973
 Simulering av }r 1974
 Simulering av }r 1975
 Simulering av }r 1976
 Simulering av }r 1977
 Simulering av }r 1978
 Simulering av }r 1979
 Simulering av }r 1980
 Simulering av }r 1981
 Simulering av }r 1982
 Simulering av }r 1983
 Simulering av }r 1984
 Simulering av }r 1985
 Simulering av }r 1986
 Simulering av }r 1987
 Simulering av }r 1988
 Simulering av }r 1989
 Simulering av }r 1990
 Simulering av }r 1991
 Simulering av }r 1992
 Simulering av }r 1993
 Simulering av }r 1994
 Simulering av }r 1995
 Simulering av }r 1996
 Simulering av }r 1997
 Simulering av }r 1998
 Simulering av }r 1999
 Simulering av }r 2000
 Simulering av }r 2001
 Simulering av }r 2002
 Simulering av }r 2003
 Simulering av }r 2004
 Simulering av }r 2005
 Simulering av }r 2006
 Simulering av }r 2007
 Simulering av }r 2008
 Simulering av }r 2009
 Simulering av }r 2010
 Simulering av }r 2011
 Simulering av }r 2012
 Simulering av }r 2013
 Simulering av }r 2014
 Simulering av }r 2015
 Simulering av }r 2016
 Simulering av }r 2017
 Uke nr. 239:          Avvik i produksjon (MW):   -0.00   -0.24    0.12    0.12    0.12    0.12    0.12    0.12    0.12    0.06    0.12    0.12    0.12    0.12    0.12    0.12    0.12    0.12    0.12    0.12    0.01    0.01    0.01    0.01    0.01    0.01   -0.24   -0.24   -0.24    0.01    0.01    0.01    0.01   41.70   41.70   41.70   -0.24   -0.24   -0.24    0.01    0.01    0.01    0.01    0.01    0.01    0.01   -0.24   41.70   41.70    0.01    0.01   -0.00   -0.00   -0.00    0.12    0.01
 Simulering av }r 2018
 
                             u/havari uke106-121 uke114-129 uke127-142 uke140-155
 Inntekt                kEUR     148787     146183     147558     148739     149478
 Verdi av ekstra vann   kEUR                    -4         -2          0          4
 Nto. kostnad av havari kEUR                  2608       1230         48       -696
 
