
 >>> Run simulation task VVTAP to compute water values and draw down.


     -> Generate EMAR file for aggregated model limits. (VVTAP)

     -> Run GENPRIS to generate price model from price series. (VVTAP)


       ::::: :: ::   :: :::::: :::::: ::::::
      ::     :: :::  ::   ::   ::     ::
       ::::  :: :: : ::   ::   ::::   ::::
          :: :: ::  :::   ::   ::     ::
      :::::  :: ::   ::   ::   :::::: ::    Energi AS

      G E N P R I S - EMPS_inputAPI/Edition_9.0/r18092 - 2022-02-24
      ---------------------------------------------------------------------------
      Brukerveiledning..: Vansimtap                        
      Sintef Support....: support.energy@sintef.no, Tel: 40471700/Senb: 45456000  
      Kj›retidspunkt....: 15. april 2024, kl 10:54:25



     -> Run VANSIM for water value calculation. (VVTAP)
        Using same capacity vs. spot market for water value calculation and sim.


       ::::: :: ::   :: :::::: :::::: ::::::
      ::     :: :::  ::   ::   ::     ::
       ::::  :: :: : ::   ::   ::::   ::::
          :: :: ::  :::   ::   ::     ::
      :::::  :: ::   ::   ::   :::::: ::    Energi AS

      V A N S I M - EMPS_inputAPI/Edition_9.0/r18092 - 2022-02-24
      -------------------------------------------------------------------------
      Brukerveiledning..: Vansimtap Brukerveiledning
      Sintef Support....: support.energy@sintef.no, Tel: 40471700/Senb: 45456000  
      Kj›retidspunkt....: 15. april 2024, kl 10:54:26




 Vannverdiberegning for område skjomen


   Iterasjon nr   1
   Antall ikke stabiliserte punkt i slutten av uke 260,  (s|yle JSLUTT+1): 357

   Iterasjon nr   2
   Antall ikke stabiliserte punkt i slutten av uke 260,  (s|yle JSLUTT+1): 353

   Iterasjon nr   3
   Antall ikke stabiliserte punkt i slutten av uke 260,  (s|yle JSLUTT+1): 164

   Iterasjon nr   4
   Antall ikke stabiliserte punkt i slutten av uke 260,  (s|yle JSLUTT+1):   0

     -> Run SIMTAP for draw down ["tappefordeling"]. (VVTAP)


       ::::: :: ::   :: :::::: :::::: ::::::
      ::     :: :::  ::   ::   ::     ::
       ::::  :: :: : ::   ::   ::::   ::::
          :: :: ::  :::   ::   ::     ::
      :::::  :: ::   ::   ::   :::::: ::    Energi AS

      S I M T A P - EMPS_inputAPI/Edition_9.0/r18092 - 2022-02-24
      -------------------------------------------------------------------------
      Brukerveiledning..: Vansimtap
      Sintef Support....: support.energy@sintef.no, Tel: 40471700/Senb: 45456000  
      Kj›retidspunkt....: 15. april 2024, kl 10:54:36


 Simulering med |konomiske data
 
 


*****************************************************************************
*  NB!                                                                      *
*  Tilsigsdata er modifisert etter data paa f|lgende filer:                 *
*                                              bti1-skjomen.sdv             *
*                                              bti2-skjomen.sdv             *
*                                                                           *
*  Dersom modifikasjon av tilsiget ikke |nskes, maa filene fjernes foran    *
*  neste kj|ring av Simtap.                                                 *
*****************************************************************************



Begrensende generatorkapasitet innlest fra fil LTM_MWGrense.data   
 Modul   Generatorkapasitet (MW)
 73803           30.00
 73805            8.00
 73808          300.00
 
 
 Simulering av }r 1931
 Simulering av }r 1932
 Simulering av }r 1933
 Simulering av }r 1934
 Simulering av }r 1935
 Simulering av }r 1936
 Simulering av }r 1937
 Simulering av }r 1938
 Simulering av }r 1939
 Simulering av }r 1940
 Simulering av }r 1941
 Simulering av }r 1942
 Simulering av }r 1943
 Simulering av }r 1944
 Simulering av }r 1945
 Simulering av }r 1946
 Simulering av }r 1947
 Simulering av }r 1948
 Simulering av }r 1949
 Simulering av }r 1950
 Simulering av }r 1951
 Simulering av }r 1952
 Simulering av }r 1953
 Simulering av }r 1954
 Simulering av }r 1955
 Simulering av }r 1956
 Simulering av }r 1957
 Simulering av }r 1958
 Simulering av }r 1959
 Simulering av }r 1960
 Simulering av }r 1961
 Simulering av }r 1962
 Simulering av }r 1963
 Simulering av }r 1964
 Simulering av }r 1965
 Simulering av }r 1966
 Simulering av }r 1967
 Simulering av }r 1968
 Simulering av }r 1969
 Simulering av }r 1970
 Simulering av }r 1971
 Simulering av }r 1972
 Simulering av }r 1973
 Simulering av }r 1974
 Simulering av }r 1975
 Simulering av }r 1976
 Simulering av }r 1977
 Simulering av }r 1978
 Simulering av }r 1979
 Simulering av }r 1980
 Simulering av }r 1981
 Simulering av }r 1982
 Simulering av }r 1983
 Simulering av }r 1984
 Simulering av }r 1985
 Simulering av }r 1986
 Simulering av }r 1987
 Simulering av }r 1988
 Simulering av }r 1989
 Simulering av }r 1990
 Simulering av }r 1991
 Simulering av }r 1992
 Simulering av }r 1993
 Simulering av }r 1994
 Simulering av }r 1995
 Simulering av }r 1996
 Simulering av }r 1997
 Simulering av }r 1998
 Simulering av }r 1999
 Simulering av }r 2000
 Simulering av }r 2001
 Simulering av }r 2002
 Simulering av }r 2003
 Simulering av }r 2004
 Simulering av }r 2005
 Simulering av }r 2006
 Simulering av }r 2007
 Simulering av }r 2008
 Simulering av }r 2009
 Simulering av }r 2010
 Simulering av }r 2011
 Simulering av }r 2012
 Simulering av }r 2013
 Simulering av }r 2014
 Simulering av }r 2015
 Simulering av }r 2016
 Simulering av }r 2017
 Simulering av }r 2018
