 Starting upgrade_10:  09:11:06 - 2020.09.07                                                                                                                                                                                                                     
C:\ltm_simulering\fjone\v09\PRISAVSNITT.DATA -> C:\ltm_simulering\fjone\v10\PRISAVSNITT.DATA
1 File(s) copied
C:\ltm_simulering\fjone\v09\EFFEKTPROFIL.ARCH -> C:\ltm_simulering\fjone\v10\EFFEKTPROFIL.ARCH
1 File(s) copied
C:\ltm_simulering\fjone\v09\LASTPROFIL.ARCH -> C:\ltm_simulering\fjone\v10\LASTPROFIL.ARCH
1 File(s) copied
C:\ltm_simulering\fjone\v09\TEMPPROFIL.ARCH -> C:\ltm_simulering\fjone\v10\TEMPPROFIL.ARCH
1 File(s) copied
C:\ltm_simulering\fjone\v09\REVISJONSPLAN.STAS -> C:\ltm_simulering\fjone\v10\REVISJONSPLAN.STAS
1 File(s) copied
C:\ltm_simulering\fjone\v09\fjone.enmd -> C:\ltm_simulering\fjone\v10\fjone.enmd
1 File(s) copied
C:\ltm_simulering\fjone\v09\fjone.detd -> C:\ltm_simulering\fjone\v10\fjone.detd
1 File(s) copied
C:\ltm_simulering\fjone\v09\prisrekke.pris -> C:\ltm_simulering\fjone\v10\prisrekke.pris
1 File(s) copied
C:\ltm_simulering\fjone\v10\TEMPPROFIL.ARCH, Delete (Y/N)? y 
C:\ltm_simulering\fjone\v09\LISTE_SERIER.TARC -> C:\ltm_simulering\fjone\v10\LISTE_SERIER.TARC
1 File(s) copied
C:\ltm_simulering\fjone\v09\DATA_SERIER_DAY.TARC -> C:\ltm_simulering\fjone\v10\DATA_SERIER_DAY.TARC
1 File(s) copied
C:\ltm_simulering\fjone\v10\LISTE_SERIER.TARC, Delete (Y/N)? y 
C:\ltm_simulering\fjone\v10\DATA_SERIER_DAY.TARC, Delete (Y/N)? y 
C:\ltm_simulering\fjone\v09\fjone.SMAG -> C:\ltm_simulering\fjone\v10\fjone.SMAG
1 File(s) copied
C:\ltm_simulering\fjone\v09\DYNMODELL.SIMT -> C:\ltm_simulering\fjone\v10\DYNMODELL.SIMT
1 File(s) copied
C:\ltm_simulering\fjone\v10\DYNMODELL.SIMT, Delete (Y/N)? y 
C:\ltm_simulering\fjone\v09\REVISJON.STAS -> C:\ltm_simulering\fjone\v10\REVISJON.STAS
1 File(s) copied
C:\ltm_simulering\fjone\v09\DATA_TILPRO.SIMT -> C:\ltm_simulering\fjone\v10\DATA_TILPRO.SIMT
1 File(s) copied
C:\ltm_simulering\fjone\v09\C60_TILPRO.SIMT -> C:\ltm_simulering\fjone\v10\C60_TILPRO.SIMT
1 File(s) copied
C:\ltm_simulering\fjone\v09\C40_TILPRO.SIMT -> C:\ltm_simulering\fjone\v10\C40_TILPRO.SIMT
1 File(s) copied
C:\ltm_simulering\fjone\v09\C60_TILPRO_FAKT.SIMT -> C:\ltm_simulering\fjone\v10\C60_TILPRO_FAKT.SIMT
1 File(s) copied
C:\ltm_simulering\fjone\v09\STYREFIL-PB027.EFI -> C:\ltm_simulering\fjone\v10\STYREFIL-PB027.EFI
1 File(s) copied
C:\ltm_simulering\fjone\v10\DATA_TILPRO.SIMT, Delete (Y/N)? y 
C:\ltm_simulering\fjone\v10\C60_TILPRO.SIMT, Delete (Y/N)? y 
C:\ltm_simulering\fjone\v10\C40_TILPRO.SIMT, Delete (Y/N)? y 
C:\ltm_simulering\fjone\v10\C60_TILPRO_FAKT.SIMT, Delete (Y/N)? y 
 Ending upgrade_10:  09:11:12 - 2020.09.07                                                                                                                                                                                                                       
